
> core-template-cfw-assets-astro-shadcn@1.0.0 start /app
> astro dev

(node:2343475) [DEP0040] DeprecationWarning: The `punycode` module is deprecated. Please use a userland alternative instead.
(Use `node --trace-deprecation ...` to show where the warning was created)
08:07:17 [@astrojs/cloudflare] Enabling sessions with Cloudflare KV with the "SESSION" KV binding.
08:07:17 [@astrojs/cloudflare] If you see the error "Invalid binding `SESSION`" in your build output, you need to add the binding to your wrangler config file.
08:07:17 [types] Generated 1ms
08:07:17 [content] Syncing content
08:07:17 [content] Synced content
08:07:17 [vite] Re-optimizing dependencies because vite config has changed

 astro  v5.18.1 ready in 2095 ms

┃ Local    http://localhost:4321/
┃ Network  use --host to expose

08:07:17 watching for file changes...

 update  ▶ New version of Astro available: 6.2.1
  Run pnpm dlx @astrojs/upgrade to update

08:08:52 [404] /api/stats 3ms
08:08:52 [404] /api/emails/alerts 2ms
08:08:52 [200] / 692ms
08:08:53 [watch] playwright-report/index.html
08:08:53 [watch] playwright-report/index.html
08:08:54 [watch] playwright-report/data/883a76eddb401065864d52773759e2788794a905.md
08:08:54 [watch] playwright-report/data/883a76eddb401065864d52773759e2788794a905.md
08:10:12 Configuration file updated. Restarting...
08:10:12 [watch] astro.config.ts
08:10:12 [watch] astro.config.ts
08:10:12 [@astrojs/cloudflare] Enabling sessions with Cloudflare KV with the "SESSION" KV binding.
08:10:12 [@astrojs/cloudflare] If you see the error "Invalid binding `SESSION`" in your build output, you need to add the binding to your wrangler config file.
08:10:12 [ERROR] [@astrojs/cloudflare] An unhandled error occurred while running the "astro:server:setup" hook
08:10:13 [ERROR] [config] Failed to start the remote proxy session, see the error details below:

You must be logged in to use wrangler dev in remote mode. Try logging in, or run wrangler dev --local.
  Stack trace:
    at /app/node_modules/@astrojs/cloudflare/node_modules/wrangler/wrangler-dist/cli.js:288266:11
    [...] See full stack trace in the browser, or rerun with --verbose.

08:10:13 [ERROR] Continuing with previous valid configuration
